// Jest Snapshot v1, https://goo.gl/fbAQLP

exports[`Should render react-bootstrap components 1`] = `
HTMLCollection [
  <div>
    home
  </div>,
]
`;
