// Jest Snapshot v1, https://goo.gl/fbAQLP

exports[`Should render react-bootstrap components 1`] = `
HTMLCollection [
  <div
    class="container"
  >
    <div
      class="row"
    >
      <div
        class="col"
      >
        some value
      </div>
    </div>
  </div>,
]
`;
